// Jest Snapshot v1, https://goo.gl/fbAQLP

exports[`<Button /> handles clicks 1`] = `[Function]`;
